// Jest Snapshot v1, https://goo.gl/fbAQLP

exports[`City component should render correctly 1`] = `
.c0 {
  width: 100%;
  height: 60px !important;
  border: 1px solid lightgrey;
  border-radius: 5px;
  text-align: center;
  margin-bottom: 10px;
  cursor: pointer;
  font-family: 'Helvetica';
  font-weight: bold;
  font-size: 14px;
}

.c0:hover {
  background-color: lightblue;
  color: white;
}

<button
  className="c0"
/>
`;
